INFO Unannotated source/component DQ indicators use registry defaults: {'dq_cred': 5, 'dq_geog': 5, 'dq_struc': 5, 'dq_tech': 5, 'dq_time': 5}
INFO Scenario period mapping: {'period_mode': 'prospective', 'base_year': 2023, 'existing': [2000, 2005, 2010, 2015, 2020], 'model': [2025, 2030, 2035, 2040, 2045], 'step': 5, 'base_year_role': 'latest observed year for stock, demand and historical calibration', 'historical_years_by_vintage': {'2000': [2000, 2001, 2002, 2003, 2004, 2005], '2005': [2006, 2007, 2008, 2009, 2010], '2010': [2011, 2012, 2013, 2014, 2015], '2015': [2016, 2017, 2018, 2019, 2020], '2020': [2021, 2022, 2023]}, 'empty_observation_vintages': [], 'latest_observed_vintage': 2020, 'efficiency_and_demand_years': {'2025': 2030, '2030': 2035, '2035': 2040, '2040': 2045, '2045': 2050}, 'cost_and_charger_years': {'2025': 2030, '2030': 2035, '2035': 2040, '2040': 2045, '2045': 2050}, 'end_of_horizon': 2050}
INFO Range representation none: no share acquisition, constraints or technology changes
INFO Normalized nhts charging: 527040 minute rows -> 8760 hours; peak=1161.9009046687445 integral=4911640.616091287; excluded=1440 (nulls=300)
WARNING Legacy charging composition is already embedded; do not apply new range shares to this profile
WARNING Using legacy BEV charging shape for shared LDV chargers; regional applicability=ontario_proxy; regions=('AB', 'BCT', 'MB', 'NB', 'NLLAB', 'NS', 'ON', 'PEI', 'QC', 'SK')
INFO Prepared 175200 charging factors; no composition reweighting
INFO Prepared 1159 existing-capacity rows across 10 regions; removed 315 below epsilon=0.001; excluded 1522 road fuel shares
INFO Prepared 700 demand rows for 10 regions and 5 periods
INFO Prepared 970 road C2A and 4850 flat annual factor rows
INFO Prepared efficiencies: {'efficiency_rows': 5659, 'split_rows': 400, 'regions': ['AB', 'BCT', 'MB', 'NB', 'NLLAB', 'NS', 'ON', 'PEI', 'QC', 'SK'], 'technologies': 120, 'split_max_sum_error': 0.0, 'input_digest': '5de98a3497704de024719a87e365359da23bdf45ec3114146bb8237282445f46', 'aggregation_sources': {'stock_age': {'ON': 'ontario_ministry_transport_vehicle_population', 'other': 'ontario_ministry_transport_vehicle_population'}, 'ldv': {'ON': 'ontario_ministry_transport_vehicle_population', 'other': 'ontario_ministry_transport_vehicle_population'}, 'medium_trucks': {'ON': 'ontario_ministry_transport_vehicle_population', 'other': 'wards_intelligence_2022_sales_shares'}, 'heavy_truck_haul': {'ON': 'statcan_transport_tables', 'other': 'statcan_transport_tables'}}, 'population_year': 2025, 'trajectory': 'Mid', 'excluded_technologies': ['T_BLND_ETH_GSL', 'T_BLND_JTF', 'T_BLND_RDSL_DSL', 'T_BLND_SPK', 'T_H2_LDV_REFUEL', 'T_H2_MHDV_REFUEL', 'T_LDV_CHRG_EX', 'T_LDV_CHRG_N', 'T_MHDV_CHRG_EX', 'T_MHDV_CHRG_N', 'T_dummy_pkm_ldv_c', 'T_dummy_pkm_ldv_m', 'T_dummy_pkm_ldv_t', 'T_dummy_tkm_ldv_t'], 'hybrid_evidence_counts': {'source_fuel': 28323, 'legacy_range_bin': 1212, 'exact_epa_hybrid': 685, 'legacy_range_bin_cs_index_only': 400, 'hybrid_name': 195}, 'rating_index_fallbacks': 857, 'historical_source_backed_rows_without_capacity': 0, 'phev_energy_basis': 'greet_hhv_fuel_plus_electricity', 'phev_source_reconciliation': {'rows': 259, 'outside_source_tolerance': 189, 'maximum_absolute_fuel_economy_difference': 0.4783899729063847, 'policy': 'diagnostic only; output fuel economy never corrects derived PHEV values'}, 'omitted_rating_rows': 1208, 'ambiguous_epa_rows': 14, 'renormalized_rating_cells': 234}
INFO CER transport cost conversion: {'source_currency': 'CAD', 'source_dollar_year': 2015, 'target_currency': 'CAD', 'target_dollar_year': 2020, 'rows': 2176, 'cad_per_usd': 1.0, 'source_year_deflator': 96.8, 'target_year_deflator': 104.3}
INFO CER transport cost conversion: {'source_currency': 'CAD', 'source_dollar_year': 2020, 'target_currency': 'CAD', 'target_dollar_year': 2020, 'rows': 1759, 'cad_per_usd': 1.0, 'source_year_deflator': 104.3, 'target_year_deflator': 104.3}
INFO CER transport cost conversion: {'source_currency': 'USD', 'source_dollar_year': 2005, 'target_currency': 'CAD', 'target_dollar_year': 2020, 'rows': 440, 'cad_per_usd': 1.21, 'source_year_deflator': 81.4, 'target_year_deflator': 104.3}
INFO CER transport cost conversion: {'source_currency': 'USD', 'source_dollar_year': 2020, 'target_currency': 'CAD', 'target_dollar_year': 2020, 'rows': 10206, 'cad_per_usd': 1.34, 'source_year_deflator': 104.3, 'target_year_deflator': 104.3}
INFO CER transport cost conversion: {'source_currency': 'USD', 'source_dollar_year': 2022, 'target_currency': 'CAD', 'target_dollar_year': 2020, 'rows': 3100, 'cad_per_usd': 1.3, 'source_year_deflator': 121.3, 'target_year_deflator': 104.3}
INFO CER transport cost conversion: {'source_currency': 'USD', 'source_dollar_year': 2023, 'target_currency': 'CAD', 'target_dollar_year': 2020, 'rows': 884, 'cad_per_usd': 1.35, 'source_year_deflator': 123.0, 'target_year_deflator': 104.3}
INFO CER transport cost conversion: {'source_currency': 'USD', 'source_dollar_year': 2025, 'target_currency': 'CAD', 'target_dollar_year': 2020, 'rows': 250, 'cad_per_usd': 1.41, 'source_year_deflator': 130.3, 'target_year_deflator': 104.3}
INFO Prepared transport costs: {'cost_invest_rows': 4050, 'cost_variable_rows': 14765, 'invest_technologies': 81, 'variable_technologies': 115, 'period_vintage_pairs': 30, 'period_mapping': {'period_mode': 'prospective', 'base_year': 2023, 'existing': [2000, 2005, 2010, 2015, 2020], 'model': [2025, 2030, 2035, 2040, 2045], 'step': 5, 'base_year_role': 'latest observed year for stock, demand and historical calibration', 'historical_years_by_vintage': {'2000': [2000, 2001, 2002, 2003, 2004, 2005], '2005': [2006, 2007, 2008, 2009, 2010], '2010': [2011, 2012, 2013, 2014, 2015], '2015': [2016, 2017, 2018, 2019, 2020], '2020': [2021, 2022, 2023]}, 'empty_observation_vintages': [], 'latest_observed_vintage': 2020, 'efficiency_and_demand_years': {'2025': 2030, '2030': 2035, '2035': 2040, '2040': 2045, '2045': 2050}, 'cost_and_charger_years': {'2025': 2030, '2030': 2035, '2035': 2040, '2040': 2045, '2045': 2050}, 'end_of_horizon': 2050}, 'input_digest': '6bea3f2b18701900b58a6c82649f0be14b850dc1f9acc2ebd5651fcfffae7df2', 'atb_scenario': 'Mid', 'aggregation_sources': {'stock_age': {'ON': 'ontario_ministry_transport_vehicle_population', 'other': 'ontario_ministry_transport_vehicle_population'}, 'ldv': {'ON': 'ontario_ministry_transport_vehicle_population', 'other': 'ontario_ministry_transport_vehicle_population'}, 'medium_trucks': {'ON': 'ontario_ministry_transport_vehicle_population', 'other': 'wards_intelligence_2022_sales_shares'}, 'heavy_truck_haul': {'ON': 'statcan_transport_tables', 'other': 'statcan_transport_tables'}}, 'cer_scenario': 'Current Measures', 'reference_currency': 'CAD', 'reference_year': 2020, 'currency_year_transformations': [('CAD', 2015), ('CAD', 2020), ('USD', 2005), ('USD', 2020), ('USD', 2022), ('USD', 2023), ('USD', 2025)], 'currency_conversion_groups': [{'source_currency': 'CAD', 'source_dollar_year': 2015, 'target_currency': 'CAD', 'target_dollar_year': 2020, 'rows': 2176, 'cad_per_usd': 1.0, 'source_year_deflator': 96.8, 'target_year_deflator': 104.3}, {'source_currency': 'CAD', 'source_dollar_year': 2020, 'target_currency': 'CAD', 'target_dollar_year': 2020, 'rows': 1759, 'cad_per_usd': 1.0, 'source_year_deflator': 104.3, 'target_year_deflator': 104.3}, {'source_currency': 'USD', 'source_dollar_year': 2005, 'target_currency': 'CAD', 'target_dollar_year': 2020, 'rows': 440, 'cad_per_usd': 1.21, 'source_year_deflator': 81.4, 'target_year_deflator': 104.3}, {'source_currency': 'USD', 'source_dollar_year': 2020, 'target_currency': 'CAD', 'target_dollar_year': 2020, 'rows': 10206, 'cad_per_usd': 1.34, 'source_year_deflator': 104.3, 'target_year_deflator': 104.3}, {'source_currency': 'USD', 'source_dollar_year': 2022, 'target_currency': 'CAD', 'target_dollar_year': 2020, 'rows': 3100, 'cad_per_usd': 1.3, 'source_year_deflator': 121.3, 'target_year_deflator': 104.3}, {'source_currency': 'USD', 'source_dollar_year': 2023, 'target_currency': 'CAD', 'target_dollar_year': 2020, 'rows': 884, 'cad_per_usd': 1.35, 'source_year_deflator': 123.0, 'target_year_deflator': 104.3}, {'source_currency': 'USD', 'source_dollar_year': 2025, 'target_currency': 'CAD', 'target_dollar_year': 2020, 'rows': 250, 'cad_per_usd': 1.41, 'source_year_deflator': 130.3, 'target_year_deflator': 104.3}], 'historical_msrp_proxy_rows': 1499, 'variable_period_vintage_pairs_excluded_by_lifetime': 3180, 'source_metadata_provisional': {'anl_autonomie_bean_2022': 'provisional_review', 'jgcri_gcam_motorcycle_inputs': 'provisional_review', 'epri_us_regen_2025_transportation': 'provisional_review', 'faa_economic_values_2024': 'provisional_review'}, 'source_components': ['anl_autonomie_bean_2022/mhdv_maintenance_coefficients', 'cer_canadas_energy_future/macro-indicators', 'emrg_sfu_cims_model/transport_service_output_and_capex', 'epri_us_regen_2025_transportation/intercity_bus_charts', 'epri_us_regen_2025_transportation/nonroad_cost_invest_multipliers', 'faa_economic_values_2024/section_3_capacity', 'faa_economic_values_2024/section_4_operating_costs', 'jgcri_gcam_motorcycle_inputs/canada_motorcycle_inputs', 'nlr_atb_transportation_2024/maintenance_ldv', 'nlr_atb_transportation_2024/vehicles', 'nrcan_ceud_transport_provincial/20', 'nrcan_ceud_transport_provincial/28', 'nrcan_ceud_transport_provincial/29', 'nrcan_ceud_transport_provincial/30', 'nrcan_ceud_transport_provincial/32', 'nrcan_ceud_transport_provincial/34', 'nrcan_ceud_transport_provincial/35', 'nrcan_ceud_transport_provincial/36', 'ontario_ministry_transport_vehicle_population/4', 'ontario_ministry_transport_vehicle_population/A', 'open_energy_outlook_2022/transport_variable_cost_multipliers', 'statcan_transport_tables/23-10-0142-01', 'wards_intelligence_2022_sales_shares/vehicle_class_market_shares']}
INFO Zero BEV stock, omitting historical charger rows: [('NB', 'mhdv'), ('PEI', 'mhdv')]
INFO EV charger rows: capacity=18 invest=100 fixed=390 efficiency=118 utilization_artifact=190; public_ports=39220
INFO Excluded 18 existing charger investment rows; retained their annual fixed-cost basis
INFO Normalized 198 GREET range-specific gas rows; retained 23 cases and 322 exclusions
INFO Wrote embodied aggregation artifact: C:\Users\rashi\ESM_databases\canoe-transportation\inputs\2_processed\emission_embodied\emission_embodied_aggregation.csv (4101 rows)
INFO Wrote embodied parameters artifact: C:\Users\rashi\ESM_databases\canoe-transportation\inputs\2_processed\emission_embodied\emission_embodied.csv (6900 rows)
INFO Wrote embodied coverage artifact: C:\Users\rashi\ESM_databases\canoe-transportation\inputs\validation\emission_embodied\coverage.csv (64 rows)
INFO Prepared 6900 embodied rows; lifetime mass factors={'CO2': 1e-06, 'CH4': 0.001, 'N2O': 0.001}, units={'co2': 'kt/k vehicles', 'ch4': 't/k vehicles', 'n2o': 't/k vehicles'}; coverage={'eligible': 46, 'existing_vehicle_manufacturing_excluded': 18}
INFO Transport cross-table parameter support: {'existing_capacity_positive': {'checked_rows': 1177, 'invalid_rows': 0, 'examples': []}, 'efficiency_historical_capacity': {'checked_keys': 1177, 'unsupported_keys': 0, 'examples': []}, 'cost_invest_historical_capacity': {'checked_keys': 0, 'unsupported_keys': 0, 'examples': []}, 'cost_fixed_historical_capacity': {'checked_keys': 18, 'unsupported_keys': 0, 'examples': []}, 'cost_variable_historical_capacity': {'checked_keys': 1075, 'unsupported_keys': 0, 'examples': []}, 'emission_embodied_historical_capacity': {'checked_keys': 0, 'unsupported_keys': 0, 'examples': []}, 'existing_capacity_efficiency': {'checked_keys': 1177, 'unsupported_keys': 0, 'examples': []}, 'cost_invest_efficiency': {'checked_keys': 4150, 'unsupported_keys': 0, 'examples': []}, 'cost_fixed_efficiency': {'checked_keys': 118, 'unsupported_keys': 0, 'examples': []}, 'cost_variable_efficiency': {'checked_keys': 5125, 'unsupported_keys': 0, 'examples': []}, 'emission_embodied_efficiency': {'checked_keys': 2300, 'unsupported_keys': 0, 'examples': []}, 'new_capacity_factor_efficiency': {'checked_keys': 3450, 'unsupported_keys': 0, 'examples': []}}
INFO Transport cross-table parameter support: {'existing_capacity_positive': {'checked_rows': 1177, 'invalid_rows': 0, 'examples': []}, 'efficiency_historical_capacity': {'checked_keys': 1177, 'unsupported_keys': 0, 'examples': []}, 'cost_invest_historical_capacity': {'checked_keys': 0, 'unsupported_keys': 0, 'examples': []}, 'cost_fixed_historical_capacity': {'checked_keys': 18, 'unsupported_keys': 0, 'examples': []}, 'cost_variable_historical_capacity': {'checked_keys': 1075, 'unsupported_keys': 0, 'examples': []}, 'emission_embodied_historical_capacity': {'checked_keys': 0, 'unsupported_keys': 0, 'examples': []}, 'existing_capacity_efficiency': {'checked_keys': 1177, 'unsupported_keys': 0, 'examples': []}, 'cost_invest_efficiency': {'checked_keys': 4150, 'unsupported_keys': 0, 'examples': []}, 'cost_fixed_efficiency': {'checked_keys': 118, 'unsupported_keys': 0, 'examples': []}, 'cost_variable_efficiency': {'checked_keys': 5125, 'unsupported_keys': 0, 'examples': []}, 'emission_embodied_efficiency': {'checked_keys': 2300, 'unsupported_keys': 0, 'examples': []}, 'new_capacity_factor_efficiency': {'checked_keys': 3450, 'unsupported_keys': 0, 'examples': []}}
INFO Scoped capacity_factor_tech replacement removed 0 owned rows in ('AB', 'BCT', 'MB', 'NB', 'NLLAB', 'NS', 'ON', 'PEI', 'QC', 'SK')
INFO Scoped limit_new_capacity_share replacement removed 0 owned rows in ('AB', 'BCT', 'MB', 'NB', 'NLLAB', 'NS', 'ON', 'PEI', 'QC', 'SK')
{
  "caller_rollback_and_unrelated_rows": true,
  "caller_validation_command": "uv run --offline python .pytest-tmp/validate_ldv_offline.py (caller assertions passed before the previous replay publication file lock)",
  "capacity_factor_sha256": "90f3233127be88ca4260eede7fb50b812436e9a885d2076da1a9751a607624dd",
  "capacity_factor_tech_rows": 175200,
  "full_caller_contribution_matches_standalone": true,
  "network_blocked": true,
  "ok": true,
  "parameter_counts": {
    "capacity_to_activity": 970,
    "commodity": 41,
    "cost_fixed": 390,
    "cost_invest": 4150,
    "cost_variable": 14765,
    "demand": 700,
    "efficiency": 5777,
    "emission_embodied": 6900,
    "existing_capacity": 1177,
    "lifetime_survival_curve": 9600,
    "lifetime_tech": 570,
    "limit_annual_capacity_factor": 4850,
    "limit_tech_input_split": 400,
    "technology": 134
  },
  "parameter_sha256": {
    "capacity_to_activity": "d7ed1020e1a00ceb1695ed7f2d75f7f0c7419641cec5998996cd946939797ef2",
    "commodity": "64f6aa38a1339f30b5629c4a81ca3dfe596168cea982afbf52bf9a22cf4d858b",
    "cost_fixed": "bd99243bc1b749e3b9741a8a16be9e70e9852faada0bd5ee0df2866e38319eea",
    "cost_invest": "600fe34f5d83e85eefc726afc29129e0c7a30c51baefbb666a23e2e8f3cea7f6",
    "cost_variable": "6e9c2a5954fe81fa20ab2ad0bdc1c82da050d239c5432435caea7d89a8aa5081",
    "demand": "40ddc248f3d786c35a3e171d339e9755c81b0d7f41a0b292d1427f13d229beb6",
    "efficiency": "cc6ed2813df04005e19a5c70740950990cba8de9ce62e096554cfee8b86cb5b6",
    "emission_embodied": "2bcda77301b9f4394d7f2ba1cc1cef4dad3c88e37558c1e22447553e9a99f0c9",
    "existing_capacity": "5627e91f19e4c731784503cdab1fcd26116e7f8a5a4db83e783d2273985507f7",
    "lifetime_survival_curve": "748c9017291a2fec88b50d3a0a6404846770cdf1530a4cf7016d69e1671ab0fd",
    "lifetime_tech": "4dce120998559c92d56dad87649ea2e335f81302ebee3cf6ada39274937b7724",
    "limit_annual_capacity_factor": "89b4f657a0c6d60d5131b9dc67d279ca884f30b01f2d9f60f7f5499fdadce2eb",
    "limit_tech_input_split": "8e3a82ca5e31280fc66df54b1a028548701f32e7fb64b1107b8278810fade931",
    "technology": "2b69e7cce9e85185c2f268a357e8d28d05143df7a84ff424e2ea3f3872aa9e53"
  },
  "profile_none_non_target_invariance": true,
  "range_constraints": 0,
  "range_mode": "none",
  "shared_axes_preserved": true,
  "standalone_report": "outputs\\validation\\legacy_reproduction_database_bootstrap.json",
  "time_of_day": 24,
  "time_seasons": 365,
  "two_fresh_runs_identical": true
}
