INFO:utils:Unannotated source/component DQ indicators use registry defaults: {'dq_cred': 5, 'dq_geog': 5, 'dq_struc': 5, 'dq_tech': 5, 'dq_time': 5}
INFO:utils:Scenario period mapping: {'period_mode': 'prospective', 'base_year': 2023, 'existing': [2000, 2005, 2010, 2015, 2020], 'model': [2025, 2030, 2035, 2040, 2045], 'step': 5, 'base_year_role': 'latest observed year for stock, demand and historical calibration', 'historical_years_by_vintage': {'2000': [2000, 2001, 2002, 2003, 2004, 2005], '2005': [2006, 2007, 2008, 2009, 2010], '2010': [2011, 2012, 2013, 2014, 2015], '2015': [2016, 2017, 2018, 2019, 2020], '2020': [2021, 2022, 2023]}, 'empty_observation_vintages': [], 'latest_observed_vintage': 2020, 'efficiency_and_demand_years': {'2025': 2030, '2030': 2035, '2035': 2040, '2040': 2045, '2045': 2050}, 'cost_and_charger_years': {'2025': 2030, '2030': 2035, '2035': 2040, '2040': 2045, '2045': 2050}, 'end_of_horizon': 2050}
WARNING:fetching.epa_automotive_trends:Prepared inactive OMEGA range proposal: 78 rows, 13977 bytes; no automatic use
{
  "automatic_use": false,
  "columns": [
    "source_row_id",
    "manufacturer_id",
    "vehicle_name",
    "model_year",
    "context_size_class",
    "reg_class_id",
    "powertrain_type",
    "onroad_charge_depleting_range_mi",
    "battery_kwh",
    "sales"
  ],
  "extract_bytes": 13977,
  "extract_path": "inputs\\0_external_models\\epa_omega_ldv_range_extract\\ldv_central_2022_plug_in.csv",
  "extract_rows": 78,
  "extract_sha256": "fb9b3ef747ae4032cbee67bc3179a91ce81c1656545e7af99bbfcc3f0bed0e98",
  "model_year": 2022,
  "native_sales": 855557.0,
  "parent_sha256": "f8a384161e199f5921bfc57dae60831264ab5c0ec55e6110369ef0df5324272f",
  "requires_decision": [
    "Approve model sales/CD-range evidence rather than actual MY2024 EPA production",
    "Review US-to-Canada class proxy and future-vintage applicability",
    "Resolve DQ and register the accepted parameter consumer before activation"
  ],
  "source_key": "epa_omega_ldv_range_extract",
  "status": "registered_inactive_review_only_not_a_fallback"
}
