Using profiles workflow/profiles/default and workflow specific profile workflow\profiles\default for setting default command line arguments.
host: frzs
Building DAG of jobs...
Job stats:
job                         count
------------------------  -------
cer_enerfuture                  1
doctor_smoke                    1
statcan_transport_tables        1
transport_database              1
all                             1
total                           5


[Mon Oct  5 22:25:48 2026]
rule doctor_smoke:
    input: config/paths.yaml, config/sources.yaml, config/scenarios/legacy_reproduction.yaml, config/parameters/rules.yaml, inputs/0_manual_params/capacity_to_activity.csv, inputs/0_manual_params/charger_parameters.csv, inputs/0_manual_params/cost_invest_multipliers.csv, inputs/0_manual_params/cost_variable_multipliers.csv, inputs/0_manual_params/efficiency_multipliers.csv, inputs/0_manual_params/lifetime_process.csv, inputs/0_manual_params/vehicle_class_market_shares.csv, inputs/0_canoe_template/technology.csv, inputs/0_canoe_template/commodity.csv, inputs/0_canoe_template/region.csv, inputs/0_canoe_template/time_period.csv, pyproject.toml, uv.lock, src/utils/__init__.py, src/utils/files.py, src/utils/vehicle_labels.py, src/validation/__init__.py, src/validation/config_models.py, src/validation/config_smoke.py, src/validation/database_bootstrap.py, src/validation/insertion.py, src/validation/legacy_compare.py, src/validation/provenance.py, src/validation/schema_contract.py, src/validation/sqlite_compare.py, src/validation/sqlite_utils.py, scripts/doctor.py, src/parameterization/manual_parameters.py
    output: outputs/logs/doctor_legacy_reproduction.ok
    jobid: 1
    reason: Missing output files: outputs/logs/doctor_legacy_reproduction.ok; Updated input files: config/sources.yaml, config/paths.yaml, config/parameters/rules.yaml, src/validation/insertion.py, config/scenarios/legacy_reproduction.yaml, src/validation/config_models.py
    resources: tmpdir=C:\Users\rashi\AppData\Local\Temp
[Mon Oct  5 22:25:48 2026]
rule statcan_transport_tables:
    input: config/paths.yaml, config/sources.yaml, config/scenarios/legacy_reproduction.yaml, config/parameters/rules.yaml, config/parameters/conversion.yaml, pyproject.toml, uv.lock, src/utils/__init__.py, src/utils/files.py, src/utils/vehicle_labels.py, src/validation/__init__.py, src/validation/config_models.py, src/validation/config_smoke.py, src/validation/database_bootstrap.py, src/validation/insertion.py, src/validation/legacy_compare.py, src/validation/provenance.py, src/validation/schema_contract.py, src/validation/sqlite_compare.py, src/validation/sqlite_utils.py, src/fetching/statcan_tables.py, C:/Users/rashi/ESM_databases/canoe-transportation/inputs/0_cache/statcan_transport/20100021-eng.zip, C:/Users/rashi/ESM_databases/canoe-transportation/inputs/0_cache/statcan_transport/20100021-metadata.json, C:/Users/rashi/ESM_databases/canoe-transportation/inputs/0_cache/statcan_transport/20100025-eng.zip, C:/Users/rashi/ESM_databases/canoe-transportation/inputs/0_cache/statcan_transport/20100025-metadata.json, C:/Users/rashi/ESM_databases/canoe-transportation/inputs/0_cache/statcan_transport/23100308-eng.zip, C:/Users/rashi/ESM_databases/canoe-transportation/inputs/0_cache/statcan_transport/23100308-metadata.json, C:/Users/rashi/ESM_databases/canoe-transportation/inputs/0_cache/statcan_transport/34100254-eng.zip, C:/Users/rashi/ESM_databases/canoe-transportation/inputs/0_cache/statcan_transport/34100254-metadata.json, C:/Users/rashi/ESM_databases/canoe-transportation/inputs/0_cache/statcan_transport/23100142-eng.zip, C:/Users/rashi/ESM_databases/canoe-transportation/inputs/0_cache/statcan_transport/23100142-metadata.json
    output: inputs/1_interim/fetched_statcan_transport/statcan_20100021_ldv_registrations_archived.csv, inputs/1_interim/fetched_statcan_transport/statcan_20100025_ldv_registrations_quarterly.csv, inputs/1_interim/fetched_statcan_transport/statcan_23100308_medium_truck_fuels.csv, inputs/1_interim/fetched_statcan_transport/statcan_34100254_bus_expected_life.csv, inputs/1_interim/fetched_statcan_transport/statcan_23100142_freight_selected_long.csv, inputs/1_interim/fetched_statcan_transport/statcan_ldv_registrations_historical.csv, inputs/1_interim/fetched_statcan_transport/statcan_ldv_registrations_overlap.csv, inputs/1_interim/fetched_statcan_transport/statcan_23100142_freight_heavy_truck_candidates.csv, inputs/1_interim/fetched_statcan_transport/manifest.csv, inputs/1_interim/fetched_statcan_transport/warnings.log
    jobid: 2
    reason: Updated input files: src/validation/legacy_compare.py, config/parameters/conversion.yaml, pyproject.toml, src/validation/config_smoke.py, uv.lock, src/fetching/statcan_tables.py, config/scenarios/legacy_reproduction.yaml, config/sources.yaml, src/validation/sqlite_utils.py, config/parameters/rules.yaml, src/validation/insertion.py, src/validation/config_models.py, src/validation/sqlite_compare.py, config/paths.yaml, src/utils/files.py, src/utils/__init__.py, src/validation/provenance.py
    resources: tmpdir=C:\Users\rashi\AppData\Local\Temp
[Mon Oct  5 22:25:48 2026]
rule cer_enerfuture:
    input: config/paths.yaml, config/sources.yaml, config/scenarios/legacy_reproduction.yaml, config/parameters/rules.yaml, pyproject.toml, uv.lock, src/utils/__init__.py, src/utils/files.py, src/utils/vehicle_labels.py, src/validation/__init__.py, src/validation/config_models.py, src/validation/config_smoke.py, src/validation/database_bootstrap.py, src/validation/insertion.py, src/validation/legacy_compare.py, src/validation/provenance.py, src/validation/schema_contract.py, src/validation/sqlite_compare.py, src/validation/sqlite_utils.py, src/fetching/cer_enerfuture.py, C:/Users/rashi/ESM_databases/canoe-transportation/inputs/0_cache/cer_energy_future/2026/macro-indicators-2026.csv, C:/Users/rashi/ESM_databases/canoe-transportation/inputs/0_cache/cer_energy_future/2026/end-use-demand-2026.csv, C:/Users/rashi/ESM_databases/canoe-transportation/inputs/0_cache/cer_energy_future/2026/end-use-prices-2026.csv
    output: inputs/1_interim/fetched_cer_energy_future/2026/cer_macro_indicators.csv, inputs/1_interim/fetched_cer_energy_future/2026/cer_transport_end_use_demand.csv, inputs/1_interim/fetched_cer_energy_future/2026/cer_transport_end_use_prices.csv, inputs/1_interim/fetched_cer_energy_future/2026/manifest.csv, inputs/1_interim/fetched_cer_energy_future/2026/warnings.log
    jobid: 3
    reason: Updated input files: src/fetching/cer_enerfuture.py, src/utils/vehicle_labels.py, src/validation/legacy_compare.py, pyproject.toml, src/validation/config_smoke.py, uv.lock, config/scenarios/legacy_reproduction.yaml, src/validation/database_bootstrap.py, config/sources.yaml, src/validation/sqlite_utils.py, src/validation/schema_contract.py, config/parameters/rules.yaml, src/validation/insertion.py, src/validation/config_models.py, src/validation/sqlite_compare.py, config/paths.yaml, src/utils/files.py, src/utils/__init__.py, src/validation/provenance.py
    resources: tmpdir=C:\Users\rashi\AppData\Local\Temp
[Mon Oct  5 22:25:48 2026]
rule transport_database:
    input: outputs/logs/doctor_legacy_reproduction.ok, inputs/1_interim/fetched_statcan_transport/statcan_20100021_ldv_registrations_archived.csv, inputs/1_interim/fetched_statcan_transport/statcan_20100025_ldv_registrations_quarterly.csv, inputs/1_interim/fetched_statcan_transport/statcan_23100308_medium_truck_fuels.csv, inputs/1_interim/fetched_statcan_transport/statcan_34100254_bus_expected_life.csv, inputs/1_interim/fetched_statcan_transport/statcan_23100142_freight_selected_long.csv, inputs/1_interim/fetched_statcan_transport/statcan_ldv_registrations_historical.csv, inputs/1_interim/fetched_statcan_transport/statcan_ldv_registrations_overlap.csv, inputs/1_interim/fetched_statcan_transport/statcan_23100142_freight_heavy_truck_candidates.csv, inputs/1_interim/fetched_statcan_transport/manifest.csv, inputs/1_interim/fetched_statcan_transport/warnings.log, inputs/1_interim/fetched_cer_energy_future/2026/cer_macro_indicators.csv, inputs/1_interim/fetched_cer_energy_future/2026/cer_transport_end_use_demand.csv, inputs/1_interim/fetched_cer_energy_future/2026/cer_transport_end_use_prices.csv, inputs/1_interim/fetched_cer_energy_future/2026/manifest.csv, inputs/1_interim/fetched_cer_energy_future/2026/warnings.log, config/scenarios/legacy_reproduction.yaml, config/parameters/conversion.yaml, inputs/0_canoe_template/technology.csv, inputs/0_canoe_template/commodity.csv, inputs/0_canoe_template/region.csv, inputs/0_canoe_template/time_period.csv, inputs/0_external_models/R&D GREET2025_Rev1/R&D GREET1_2025_Rev1.xlsm, inputs/0_external_models/R&D GREET2025_Rev1/R&D GREET2_2025_Rev1.xlsm, inputs/0_external_models/greet_vehicle_cycle_results/vehicle_cycle_gases.csv, inputs/0_external_models/greet_vehicle_cycle_results/excluded_combined_co2.csv, inputs/0_external_models/greet_vehicle_cycle_results/cases.csv, inputs/0_external_models/greet_vehicle_cycle_results/run_report.json, inputs/0_external_models/greet_vehicle_cycle_results/manifest.json, inputs/1_interim/fetched_nlr_atb_autonomie/atb_vehicles.csv, legacy_backend/charging_profiles[deprecated]/ramp_mobility/results/ON-2022NHTS_2018_v5_chargers_AER-shares.csv, src/build_transport.py, src/fetching/nlr_atb_autonomie.py, src/fetching/fueleconomy_vehicles.py, src/fetching/greet_vehicle_cycle.py, src/fetching/greet_automation.py, src/fetching/legacy_charging_profiles.py, src/fetching/epa_omega_baseline.py, src/parameterization/__init__.py, src/parameterization/build_costs.py, src/parameterization/build_demand.py, src/parameterization/build_efficiencies.py, src/parameterization/build_existing_capacity.py, src/parameterization/build_lifetime_parameters.py, src/parameterization/currency.py, src/parameterization/ev_chargers.py, src/parameterization/ldv_charging_profiles.py, src/parameterization/ldv_ev_ranges.py, src/parameterization/manual_parameters.py, src/parameterization/offroad_capex_opex.py, src/parameterization/offroad_efficiencies.py, src/parameterization/offroad_lifetimes.py, src/parameterization/offroad_stocks_and_demands.py, src/parameterization/road_aggregation.py, src/parameterization/road_capex_opex.py, src/parameterization/road_efficiencies.py, src/parameterization/road_embodied_emissions.py, src/parameterization/road_fleet_weights.py, src/parameterization/road_lifetimes_survival.py, src/parameterization/road_stocks_and_demands.py, src/parameterization/road_utilization.py
    output: outputs/sqlite/canoe_transport_legacy_reproduction.sqlite (update), outputs/validation/legacy_reproduction_database_bootstrap.json (update)
    jobid: 4
    reason: Input files updated by another job: inputs/1_interim/fetched_statcan_transport/statcan_ldv_registrations_historical.csv, inputs/1_interim/fetched_statcan_transport/statcan_20100025_ldv_registrations_quarterly.csv, inputs/1_interim/fetched_cer_energy_future/2026/manifest.csv, outputs/logs/doctor_legacy_reproduction.ok, inputs/1_interim/fetched_statcan_transport/statcan_23100142_freight_heavy_truck_candidates.csv, inputs/1_interim/fetched_statcan_transport/statcan_34100254_bus_expected_life.csv, inputs/1_interim/fetched_statcan_transport/statcan_23100308_medium_truck_fuels.csv, inputs/1_interim/fetched_cer_energy_future/2026/cer_transport_end_use_demand.csv, inputs/1_interim/fetched_statcan_transport/statcan_23100142_freight_selected_long.csv, inputs/1_interim/fetched_statcan_transport/manifest.csv, inputs/1_interim/fetched_cer_energy_future/2026/cer_macro_indicators.csv, inputs/1_interim/fetched_cer_energy_future/2026/cer_transport_end_use_prices.csv, inputs/1_interim/fetched_statcan_transport/statcan_ldv_registrations_overlap.csv, inputs/1_interim/fetched_statcan_transport/statcan_20100021_ldv_registrations_archived.csv, inputs/1_interim/fetched_statcan_transport/warnings.log, inputs/1_interim/fetched_cer_energy_future/2026/warnings.log
    resources: tmpdir=C:\Users\rashi\AppData\Local\Temp
[Mon Oct  5 22:25:48 2026]
rule all:
    input: outputs/logs/doctor_legacy_reproduction.ok, inputs/1_interim/fetched_statcan_transport/statcan_20100021_ldv_registrations_archived.csv, inputs/1_interim/fetched_statcan_transport/statcan_20100025_ldv_registrations_quarterly.csv, inputs/1_interim/fetched_statcan_transport/statcan_23100308_medium_truck_fuels.csv, inputs/1_interim/fetched_statcan_transport/statcan_34100254_bus_expected_life.csv, inputs/1_interim/fetched_statcan_transport/statcan_23100142_freight_selected_long.csv, inputs/1_interim/fetched_statcan_transport/statcan_ldv_registrations_historical.csv, inputs/1_interim/fetched_statcan_transport/statcan_ldv_registrations_overlap.csv, inputs/1_interim/fetched_statcan_transport/statcan_23100142_freight_heavy_truck_candidates.csv, inputs/1_interim/fetched_statcan_transport/manifest.csv, inputs/1_interim/fetched_statcan_transport/warnings.log, inputs/1_interim/fetched_cer_energy_future/2026/cer_macro_indicators.csv, inputs/1_interim/fetched_cer_energy_future/2026/cer_transport_end_use_demand.csv, inputs/1_interim/fetched_cer_energy_future/2026/cer_transport_end_use_prices.csv, inputs/1_interim/fetched_cer_energy_future/2026/manifest.csv, inputs/1_interim/fetched_cer_energy_future/2026/warnings.log, outputs/sqlite/canoe_transport_legacy_reproduction.sqlite, outputs/validation/legacy_reproduction_database_bootstrap.json
    jobid: 0
    reason: Input files updated by another job: inputs/1_interim/fetched_statcan_transport/statcan_ldv_registrations_historical.csv, inputs/1_interim/fetched_statcan_transport/statcan_20100025_ldv_registrations_quarterly.csv, inputs/1_interim/fetched_cer_energy_future/2026/manifest.csv, outputs/logs/doctor_legacy_reproduction.ok, inputs/1_interim/fetched_statcan_transport/statcan_23100142_freight_heavy_truck_candidates.csv, inputs/1_interim/fetched_statcan_transport/statcan_34100254_bus_expected_life.csv, inputs/1_interim/fetched_statcan_transport/statcan_23100308_medium_truck_fuels.csv, inputs/1_interim/fetched_cer_energy_future/2026/cer_transport_end_use_demand.csv, inputs/1_interim/fetched_statcan_transport/statcan_23100142_freight_selected_long.csv, inputs/1_interim/fetched_statcan_transport/manifest.csv, inputs/1_interim/fetched_cer_energy_future/2026/cer_macro_indicators.csv, inputs/1_interim/fetched_cer_energy_future/2026/cer_transport_end_use_prices.csv, inputs/1_interim/fetched_statcan_transport/statcan_ldv_registrations_overlap.csv, inputs/1_interim/fetched_statcan_transport/statcan_20100021_ldv_registrations_archived.csv, inputs/1_interim/fetched_statcan_transport/warnings.log, inputs/1_interim/fetched_cer_energy_future/2026/warnings.log, outputs/validation/legacy_reproduction_database_bootstrap.json, outputs/sqlite/canoe_transport_legacy_reproduction.sqlite
    resources: tmpdir=C:\Users\rashi\AppData\Local\Temp
Job stats:
job                         count
------------------------  -------
cer_enerfuture                  1
doctor_smoke                    1
statcan_transport_tables        1
transport_database              1
all                             1
total                           5

Reasons:
    (check individual jobs above for details)
    input files updated by another job:
        all, transport_database
    output files have to be generated:
        doctor_smoke
    updated input files:
        cer_enerfuture, doctor_smoke, statcan_transport_tables
This was a dry-run (flag -n). The order of jobs does not reflect the order of execution.
