INFO:__main__:Evidence 10231865:HATCH_1.0.csv verified_cache (103054 bytes)
INFO:__main__:Evidence 10231865:HATCH_v1.5_Clean.csv verified_cache (4659711 bytes)
INFO:__main__:Evidence 10231865:HATCH_1.0.csv verified_cache (103054 bytes)
INFO:__main__:Evidence 10231865:HATCH_v1.5_Clean.csv verified_cache (4659711 bytes)
INFO:__main__:Evidence 10231865:HATCH_v1.5_DataSources.csv verified_cache (78338 bytes)
INFO:__main__:Evidence 10231865:Tech_Growth_V1.5_variabledescriptions_Clean.yaml verified_cache (37139 bytes)
INFO:__main__:Evidence original_growth_estimates verified_cache (10062 bytes)
INFO:__main__:Evidence 19579793:Complexity.xlsx verified_cache (13471 bytes)
INFO:__main__:Evidence 19579793:Feedstock.xlsx verified_cache (18503 bytes)
INFO:__main__:Evidence 19579793:Granularity.xlsx verified_cache (51705 bytes)
INFO:__main__:Evidence 19579793:HATCH_growth_characteristics.csv verified_cache (2458166 bytes)
INFO:__main__:Evidence 19579793:HATCH_national_1.5.csv verified_cache (4455497 bytes)
INFO:__main__:Evidence 19579793:HATCH_variable_descriptions.xlsx verified_cache (15501 bytes)
INFO:__main__:Evidence 19579793:MaterialUse.xlsx verified_cache (77248 bytes)
INFO:__main__:Evidence 19579793:Need_For_Customization.xlsx verified_cache (13456 bytes)
INFO:__main__:Evidence 19579793:Tech_Lifetime.xlsx verified_cache (33770 bytes)
INFO:__main__:Evidence 19579793:Tech_Replacement.xlsx verified_cache (17974 bytes)
INFO:__main__:Evidence 19579793:Technology Categories.xlsx verified_cache (15322 bytes)
INFO:__main__:Evidence 19579793:Type_Of_Adopter.xlsx verified_cache (13434 bytes)
INFO:__main__:Evidence 19579793:Year_First_Commercialization.xlsx verified_cache (44851 bytes)
INFO:__main__:Evidence eafo_page verified_cache (109119 bytes)
INFO:__main__:Evidence eafo:af_percentage_total_fleet_m1 verified_cache (479 bytes)
INFO:__main__:Evidence eafo:af_percentage_total_fleet_n1 verified_cache (358 bytes)
INFO:__main__:Evidence eafo:af_percentage_total_fleet_n2_n3 verified_cache (342 bytes)
INFO:__main__:Evidence eafo:fleet_m1_total_number verified_cache (532 bytes)
INFO:__main__:Evidence eafo:fleet_n1_total_number verified_cache (371 bytes)
INFO:__main__:Evidence eafo:fleet_n2_n3_total_number verified_cache (329 bytes)
INFO:__main__:Evidence eafo:market_share_new_registrations_m1 verified_cache (447 bytes)
INFO:__main__:Evidence eafo:market_share_new_registrations_n1 verified_cache (332 bytes)
INFO:__main__:Evidence eafo:market_share_new_registrations_n2_n3 verified_cache (321 bytes)
INFO:__main__:Evidence eafo:new_registrations_m1 verified_cache (432 bytes)
INFO:__main__:Evidence eafo:new_registrations_n1 verified_cache (314 bytes)
INFO:__main__:Evidence eafo:new_registrations_n2_n3 verified_cache (287 bytes)
INFO:__main__:Evidence odenweller_feasibility-space-green-h2-scaling_2022 verified_cache (8442974 bytes)
INFO:__main__:Evidence nemet_dataset-adoption-historical-technologies-growth-rates_2023 verified_cache (1366813 bytes)
INFO:__main__:Evidence nemet_dataset-adoption-historical-technologies-growth-rates_2023_SI verified_cache (889386 bytes)
INFO:__main__:Evidence edwards_modeling-DACCS-historical-analogs_2024 verified_cache (934967 bytes)
INFO:__main__:Evidence edwards_modeling-DACCS-historical-analogs_2024_SI verified_cache (7866158 bytes)
INFO:__main__:Evidence extended_research verified_cache (431504 bytes)
INFO:__main__:Evidence extended_research_SI verified_cache (3544268 bytes)
INFO:__main__:Evidence temoa_documentation verified_cache (43644 bytes)
INFO:__main__:Evidence temoa:temoa/extensions/growth_rates/__init__.py verified_cache (113 bytes)
INFO:__main__:Evidence temoa:temoa/extensions/growth_rates/components/__init__.py verified_cache (0 bytes)
INFO:__main__:Evidence temoa:temoa/extensions/growth_rates/components/growth_capacity.py verified_cache (4355 bytes)
INFO:__main__:Evidence temoa:temoa/extensions/growth_rates/components/growth_new_capacity.py verified_cache (4314 bytes)
INFO:__main__:Evidence temoa:temoa/extensions/growth_rates/components/growth_new_capacity_delta.py verified_cache (5868 bytes)
INFO:__main__:Evidence temoa:temoa/extensions/growth_rates/core/__init__.py verified_cache (0 bytes)
INFO:__main__:Evidence temoa:temoa/extensions/growth_rates/core/model.py verified_cache (4636 bytes)
INFO:__main__:Evidence temoa:temoa/extensions/growth_rates/data_manifest.py verified_cache (2760 bytes)
INFO:__main__:Evidence temoa:temoa/extensions/growth_rates/extension.py verified_cache (1099 bytes)
